{
  "Job": {
    "Affinities": null,
    "AllAtOnce": false,
    "Constraints": null,
    "ConsulToken": "",
    "CreateIndex": 922,
    "Datacenters": [
      "dc1"
    ],
    "Dispatched": false,
    "ID": "empty-policy",
    "JobModifyIndex": 922,
    "Meta": null,
    "Migrate": null,
    "ModifyIndex": 925,
    "Name": "empty-policy",
    "Namespace": "default",
    "ParameterizedJob": null,
    "ParentID": "",
    "Payload": null,
    "Periodic": null,
    "Priority": 50,
    "Region": "global",
    "Reschedule": null,
    "Spreads": null,
    "Stable": false,
    "Status": "dead",
    "StatusDescription": "",
    "Stop": false,
    "SubmitTime": 1591924316258684000,
    "TaskGroups": [
      {
        "Affinities": null,
        "Constraints": null,
        "Count": 0,
        "EphemeralDisk": {
          "Migrate": false,
          "SizeMB": 300,
          "Sticky": false
        },
        "Meta": null,
        "Migrate": {
          "HealthCheck": "checks",
          "HealthyDeadline": 300000000000,
          "MaxParallel": 1,
          "MinHealthyTime": 10000000000
        },
        "Name": "test",
        "Networks": null,
        "ReschedulePolicy": {
          "Attempts": 0,
          "Delay": 30000000000,
          "DelayFunction": "exponential",
          "Interval": 0,
          "MaxDelay": 3600000000000,
          "Unlimited": true
        },
        "RestartPolicy": {
          "Attempts": 2,
          "Delay": 15000000000,
          "Interval": 1800000000000,
          "Mode": "fail"
        },
        "Scaling": {
          "CreateIndex": 922,
          "Enabled": false,
          "ID": "id",
          "Max": 10,
          "Min": 0,
          "ModifyIndex": 922,
          "Namespace": "",
          "Policy": {},
          "Target": {
            "Group": "test",
            "Namespace": "default",
            "Job": "empty-policy"
          }
        },
        "Services": null,
        "ShutdownDelay": null,
        "Spreads": null,
        "StopAfterClientDisconnect": null,
        "Tasks": [
          {
            "Affinities": null,
            "Artifacts": null,
            "Config": {
              "args": [
                "hi"
              ],
              "command": "echo"
            },
            "Constraints": null,
            "DispatchPayload": null,
            "Driver": "raw_exec",
            "Env": null,
            "KillSignal": "",
            "KillTimeout": 5000000000,
            "Kind": "",
            "Leader": false,
            "Lifecycle": null,
            "LogConfig": {
              "MaxFileSizeMB": 10,
              "MaxFiles": 10
            },
            "Meta": null,
            "Name": "echo",
            "Resources": {
              "CPU": 100,
              "Devices": null,
              "DiskMB": 0,
              "IOPS": 0,
              "MemoryMB": 300,
              "Networks": null
            },
            "RestartPolicy": {
              "Attempts": 2,
              "Delay": 15000000000,
              "Interval": 1800000000000,
              "Mode": "fail"
            },
            "Services": null,
            "ShutdownDelay": 0,
            "Templates": null,
            "User": "",
            "Vault": null,
            "VolumeMounts": null
          }
        ],
        "Update": {
          "AutoPromote": false,
          "AutoRevert": false,
          "Canary": 0,
          "HealthCheck": "checks",
          "HealthyDeadline": 300000000000,
          "MaxParallel": 1,
          "MinHealthyTime": 10000000000,
          "ProgressDeadline": 600000000000,
          "Stagger": 30000000000
        },
        "Volumes": null
      }
    ],
    "Type": "service",
    "Update": {
      "AutoPromote": false,
      "AutoRevert": false,
      "Canary": 0,
      "HealthCheck": "",
      "HealthyDeadline": 0,
      "MaxParallel": 1,
      "MinHealthyTime": 0,
      "ProgressDeadline": 0,
      "Stagger": 30000000000
    },
    "VaultToken": "",
    "Version": 0
  }
}
